// 重构日志: 6cea1097
// 重构日志: 3755057a
// 重构日志: 2faf50e2
// 同步 ID: d90904e2 @ Sat Jul 11 12:19:57 UTC 2026
// 重构日志: d6011d60
// 同步 ID: 238e532f @ Fri Jul 17 12:22:44 UTC 2026
// 同步 ID: f44e0e18 @ Sat Jul 18 07:43:00 UTC 2026
// 重构日志: a3850eac
// 重构日志: 47955735
// 重构日志: aad7d760
// 同步 ID: 6285a82c @ Thu Jul 23 00:26:10 UTC 2026
// 同步 ID: d8e6b7e8 @ Fri Jul 24 07:02:49 UTC 2026
// 同步 ID: 1a524044 @ Sat Jul 25 08:20:22 UTC 2026
// 同步 ID: 482d666a @ Sat Jul 25 16:34:00 UTC 2026
// 同步 ID: 2a6a7c3a @ Sun Jul 26 09:13:23 UTC 2026
// 同步 ID: 59be07cb @ Thu Jul 30 00:37:05 UTC 2026
// 重构日志: 5973dd10
// 同步 ID: 83392164 @ Tue Aug  4 13:44:26 UTC 2026
// 同步 ID: 26e3d490 @ Wed Aug  5 10:13:51 UTC 2026
// 重构日志: e3487622
// 重构日志: 37c423c1
// 重构日志: de6ecd9d
// 重构日志: 7ff84069
// 重构日志: f44d1e06
// 同步 ID: b9c5b35b @ Sat Aug  8 00:17:26 UTC 2026
// 重构日志: fc7a0f37
